python S1: start load1=2.66 busy=[]
python S1: verify='EQUAL S1 943 bytes vs 943' end load1=2.66 busy=[]
hud S1: start load1=2.66 busy=[]
hud S1: verify='EQUAL S1 943 bytes vs 943' end load1=2.66 busy=[]
rs_rich S1: start load1=2.66 busy=[]
rs_rich S1: verify='EQUAL S1 943 bytes vs 943' end load1=2.66 busy=[]
rich_rust S1: start load1=2.66 busy=[]
rich_rust S1: verify='EQUAL S1 943 bytes vs 943' end load1=2.66 busy=[]
composed S1: start load1=2.66 busy=[]
composed S1: verify='DIFFERENT S1 912 bytes vs 943' end load1=2.66 busy=[]
richrs S1: start load1=2.66 busy=[]
richrs S1: verify='DIFFERENT S1 855 bytes vs 943' end load1=2.66 busy=[]
rich_rs S1: start load1=2.66 busy=[]
rich_rs S1: verify='DIFFERENT S1 877 bytes vs 943' end load1=2.66 busy=[]
python S1: start load1=2.66 busy=[]
python S1: verify='EQUAL S1 943 bytes vs 943' end load1=2.53 busy=[]
python S2: start load1=2.53 busy=[]
python S2: verify='EQUAL S2 1088681 bytes vs 1088681' end load1=3.16 busy=[]
hud S2: start load1=3.16 busy=[]
hud S2: verify='EQUAL S2 1088681 bytes vs 1088681' end load1=3.47 busy=[]
rs_rich S2: start load1=3.47 busy=[]
rs_rich S2: verify='EQUAL S2 1088681 bytes vs 1088681' end load1=3.43 busy=[]
rich_rust S2: start load1=3.43 busy=[]
rich_rust S2: verify='EQUAL S2 1088681 bytes vs 1088681' end load1=3.43 busy=[]
composed S2: start load1=3.43 busy=[]
composed S2: verify='DIFFERENT S2 1131298 bytes vs 1088681' end load1=3.43 busy=[]
richrs S2: start load1=3.43 busy=[]
richrs S2: verify='DIFFERENT S2 1088573 bytes vs 1088681' end load1=3.43 busy=[]
rich_rs S2: start load1=3.43 busy=[]
rich_rs S2: verify='DIFFERENT S2 1098592 bytes vs 1088681' end load1=3.24 busy=[]
python S2: start load1=3.24 busy=[]
python S2: verify='EQUAL S2 1088681 bytes vs 1088681' end load1=3.29 busy=[]
python S3: start load1=3.29 busy=[]
python S3: verify='EQUAL S3 919 bytes vs 919 frames matched 1000 of 1000 (need >= 900)' end load1=2.62 busy=[]
hud S3: start load1=2.62 busy=[]
hud S3: verify='EQUAL S3 919 bytes vs 919 frames matched 1000 of 1000 (need >= 900)' end load1=2.62 busy=[]
rs_rich S3: start load1=2.62 busy=[]
rs_rich S3: verify='EQUAL S3 919 bytes vs 919 frames matched 1000 of 1000 (need >= 900)' end load1=2.73 busy=[]
rich_rust S3: start load1=2.73 busy=[]
rich_rust S3: verify='EQUAL S3 919 bytes vs 919 frames matched 1000 of 1000 (need >= 900)' end load1=2.55 busy=[]
composed S3: start load1=2.55 busy=[]
composed S3: verify='EQUAL S3 919 bytes vs 919 frames matched 1000 of 1000 (need >= 900)' end load1=2.58 busy=[]
richrs S3: start load1=2.58 busy=[]
richrs S3: verify='EQUAL S3 919 bytes vs 919 frames matched 1000 of 1000 (need >= 900)' end load1=2.58 busy=[]
rich_rs S3: start load1=2.58 busy=[]
rich_rs S3: verify='EQUAL S3 919 bytes vs 919 frames matched 1000 of 1000 (need >= 900)' end load1=2.34 busy=[]
python S3: start load1=2.34 busy=[]
python S3: verify='EQUAL S3 919 bytes vs 919 frames matched 1000 of 1000 (need >= 900)' end load1=2.21 busy=[]
python S4: start load1=2.21 busy=[]
python S4: verify='EQUAL S4 46698 bytes vs 46698' end load1=2.21 busy=[]
hud S4: start load1=2.21 busy=[]
hud S4: verify='EQUAL S4 46698 bytes vs 46698' end load1=2.21 busy=[]
rs_rich S4: start load1=2.21 busy=[]
rs_rich S4: verify='EQUAL S4 46698 bytes vs 46698' end load1=2.21 busy=[]
rich_rust S4: start load1=2.21 busy=[]
rich_rust S4: verify='EQUAL S4 46698 bytes vs 46698' end load1=2.21 busy=[]
composed S4: start load1=2.21 busy=[]
composed S4: verify='DIFFERENT S4 46698 bytes vs 46698' end load1=2.21 busy=[]
richrs S4: start load1=2.21 busy=[]
richrs S4: verify='DIFFERENT S4 48230 bytes vs 46698' end load1=2.21 busy=[]
rich_rs S4: start load1=2.21 busy=[]
rich_rs S4: verify='DIFFERENT S4 45914 bytes vs 46698' end load1=2.35 busy=[]
python S4: start load1=2.35 busy=[]
python S4: verify='EQUAL S4 46698 bytes vs 46698' end load1=2.35 busy=[]
