01:01:39 12,65 7,62 4,96
01:01:59 14,54 8,36 5,29
01:02:19 15,28 8,92 5,56
01:02:39 15,60 9,40 5,81
01:02:59 16,08 9,91 6,07
01:03:19 16,54 10,40 6,34
01:03:39 15,74 10,60 6,50
01:03:59 15,29 10,86 6,69
01:04:20 12,09 10,42 6,63
01:04:40 9,79 10,00 6,57
01:05:00 8,02 9,59 6,50
01:05:20 7,02 9,26 6,45
01:05:40 6,23 8,94 6,40
01:06:00 5,68 8,63 6,35
01:06:20 4,86 8,25 6,26
01:06:40 4,56 7,96 6,21
01:07:00 4,27 7,67 6,14
01:07:20 3,98 7,38 6,07
01:07:40 3,54 7,06 5,99
01:08:00 5,18 7,26 6,09
01:08:20 4,59 6,98 6,01
01:08:40 4,28 6,75 5,95
01:09:00 4,79 6,72 5,96
01:09:20 4,21 6,46 5,88
01:09:40 3,69 6,19 5,80
01:10:00 3,84 6,06 5,76
01:10:20 3,45 5,83 5,69
