01:11:24 6,74 6,15 5,80
01:11:44 5,65 5,94 5,74
01:12:04 4,68 5,70 5,65
01:12:24 3,85 5,45 5,56
01:12:44 3,94 5,37 5,53
01:13:04 4,18 5,33 5,51
01:13:24 4,07 5,22 5,47
01:13:44 4,14 5,16 5,44
01:14:04 3,53 4,95 5,36
01:14:24 3,26 4,80 5,29
01:14:44 3,31 4,71 5,25
01:15:04 4,20 4,82 5,28
01:15:24 3,95 4,72 5,23
01:15:44 4,03 4,69 5,21
01:16:04 4,24 4,68 5,19
01:16:24 3,97 4,59 5,14
01:16:44 3,62 4,47 5,08
01:17:04 3,09 4,29 5,01
01:17:24 3,38 4,27 4,98
01:17:44 3,43 4,22 4,95
01:18:05 3,52 4,19 4,92
01:18:25 3,27 4,10 4,87
01:18:45 3,25 4,03 4,82
01:19:05 3,27 3,98 4,78
01:19:25 3,35 3,94 4,75
