rich_rust adoption hello: start load1=2.04 busy=[]
rich_rust adoption hello: end load1=5.61 busy=[]
rs_rich adoption hello: start load1=3.92 busy=[]
rs_rich adoption hello: end load1=8.07 busy=[]
rs_rich adoption hello_nodefault: start load1=3.69 busy=[]
rs_rich adoption hello_nodefault: end load1=5.24 busy=[]
richrs adoption hello: start load1=3.89 busy=[]
richrs adoption hello: end load1=4.54 busy=[]
rich_rs adoption hello: start load1=3.92 busy=[]
rich_rs adoption hello: end load1=7.08 busy=[]
composed adoption hello: start load1=3.94 busy=[]
composed adoption hello: end load1=4.82 busy=[]
hud adoption hello_table: start load1=3.88 busy=[]
hud adoption hello_table: end load1=4.37 busy=[]
rich_rust S1: start load1=3.80 busy=[]
rich_rust S1: verify='EQUAL S1 943 bytes vs 943' end load1=3.66 busy=[]
rs_rich S1: start load1=3.66 busy=[]
rs_rich S1: verify='EQUAL S1 943 bytes vs 943' end load1=3.66 busy=[]
richrs S1: start load1=3.66 busy=[]
richrs S1: verify='DIFFERENT S1 855 bytes vs 943' end load1=3.66 busy=[]
rich_rs S1: start load1=3.66 busy=[]
rich_rs S1: verify='DIFFERENT S1 877 bytes vs 943' end load1=3.66 busy=[]
composed S1: start load1=3.66 busy=[]
composed S1: verify='DIFFERENT S1 912 bytes vs 943' end load1=3.66 busy=[]
hud S1: start load1=3.66 busy=[]
hud S1: verify='EQUAL S1 943 bytes vs 943' end load1=3.66 busy=[]
python S1: start load1=3.66 busy=[]
python S1: verify='EQUAL S1 943 bytes vs 943' end load1=3.66 busy=[]
rich_rust S2: start load1=3.66 busy=[]
rich_rust S2: verify='EQUAL S2 1088681 bytes vs 1088681' end load1=3.69 busy=[]
rs_rich S2: start load1=3.69 busy=[]
rs_rich S2: verify='EQUAL S2 1088681 bytes vs 1088681' end load1=3.63 busy=[]
richrs S2: start load1=3.63 busy=[]
richrs S2: verify='DIFFERENT S2 1088573 bytes vs 1088681' end load1=3.63 busy=[]
rich_rs S2: start load1=3.63 busy=[]
rich_rs S2: verify='DIFFERENT S2 1098592 bytes vs 1088681' end load1=3.63 busy=[]
composed S2: start load1=3.63 busy=[]
composed S2: verify='DIFFERENT S2 1131298 bytes vs 1088681' end load1=3.63 busy=[]
hud S2: start load1=3.63 busy=[]
hud S2: verify='EQUAL S2 1088681 bytes vs 1088681' end load1=3.50 busy=[]
python S2: start load1=3.50 busy=[]
python S2: verify='EQUAL S2 1088681 bytes vs 1088681' end load1=2.73 busy=[]
rich_rust S3: start load1=2.73 busy=[]
rich_rust S3: verify='EQUAL S3 919 bytes vs 919 frames matched 1000 of 1000 (need >= 900)' end load1=2.50 busy=[]
rs_rich S3: start load1=2.50 busy=[]
rs_rich S3: verify='EQUAL S3 919 bytes vs 919 frames matched 1000 of 1000 (need >= 900)' end load1=2.38 busy=[]
richrs S3: start load1=2.38 busy=[]
richrs S3: verify='EQUAL S3 919 bytes vs 919 frames matched 1000 of 1000 (need >= 900)' end load1=2.38 busy=[]
rich_rs S3: start load1=2.38 busy=[]
rich_rs S3: verify='EQUAL S3 919 bytes vs 919 frames matched 1000 of 1000 (need >= 900)' end load1=2.84 busy=[]
composed S3: start load1=2.84 busy=[]
composed S3: verify='EQUAL S3 919 bytes vs 919 frames matched 1000 of 1000 (need >= 900)' end load1=2.85 busy=[]
hud S3: start load1=2.85 busy=[]
hud S3: verify='EQUAL S3 919 bytes vs 919 frames matched 1000 of 1000 (need >= 900)' end load1=2.85 busy=[]
python S3: start load1=2.85 busy=[]
python S3: verify='EQUAL S3 919 bytes vs 919 frames matched 1000 of 1000 (need >= 900)' end load1=2.81 busy=[]
rich_rust S4: start load1=2.81 busy=[]
rich_rust S4: verify='EQUAL S4 46698 bytes vs 46698' end load1=2.81 busy=[]
rs_rich S4: start load1=2.81 busy=[]
rs_rich S4: verify='EQUAL S4 46698 bytes vs 46698' end load1=2.81 busy=[]
richrs S4: start load1=2.81 busy=[]
richrs S4: verify='DIFFERENT S4 48230 bytes vs 46698' end load1=2.81 busy=[]
rich_rs S4: start load1=2.81 busy=[]
rich_rs S4: verify='DIFFERENT S4 45914 bytes vs 46698' end load1=2.81 busy=[]
composed S4: start load1=2.81 busy=[]
composed S4: verify='DIFFERENT S4 46698 bytes vs 46698' end load1=2.81 busy=[]
hud S4: start load1=2.81 busy=[]
hud S4: verify='EQUAL S4 46698 bytes vs 46698' end load1=2.81 busy=[]
python S4: start load1=2.81 busy=[]
python S4: verify='EQUAL S4 46698 bytes vs 46698' end load1=2.81 busy=[]
